// Jest Snapshot v1, https://goo.gl/fbAQLP

exports[`Counter Component debe de hacer match con el snapshot 1`] = `
<!-- <h2>{{ title || 'Contador' }}</h2> -->
<h2>Contador</h2>
<p>100 <sup>2</sup> = 10000</p>
<div>
  <!-- <button v-on:click="increase">+1</button>
        <button v-on:click="decrease">-1</button> -->
  <!-- Las siguientes dos líneas de código son equivalentes a las dos comentadas anteriormente --><button>+1</button><button>-1</button>
</div>
`;
